base:
  level_direct:
    name: from_base
  more:
    a: simple
    b: from_base
    c: from_base