base:
  level_direct:
    name: level
    more:
      list: []
  more: []
