base:
  more:
    base: base
    one: one
    two: two
    three: three
    one_two: two
    two_three: three
    three_base: base