base:
  level_dict:
    base:
      $name: base
      name: base
      more:
        one: one
        two: two
        three: three
        one_two: two
        two_three: three
    one:
      $name: one
      name: one
      more:
        one: one
        two: two
        three: three
        one_two: two
        two_three: three
    two:
      $name: two
      name: two
      base_ref:
        more:
          one: one
          two: two
          three: three
          one_two: two
          two_three: three
          three_base: three
      more:
        one: one
        two: two
        three: three
        one_two: two
        two_three: three
    three:
      $name: three
      name: three
      more:
        one: one
        two: two
        three: three
        one_two: two
        two_three: three
    three_base:
      $name: three_base
      name: base
      more:
        one: one
        two: two
        three: three
        one_two: two
        two_three: three
    two_three:
      $name: two_three
      name: three
      more:
        one: one
        two: two
        three: three
        one_two: two
        two_three: three
    one_two:
      $name: one_two
      name: two
      more:
        one: one
        two: two
        three: three
        one_two: two
        two_three: three